C51 COMPILER V9.60.7.0   INT0                                                              05/23/2024 17:26:50 PAGE 1   


C51 COMPILER V9.60.7.0, COMPILATION OF MODULE INT0
OBJECT MODULE PLACED IN .\Objects\INT0.obj
COMPILER INVOKED BY: E:\Keil_v5\C51\BIN\C51.EXE INT0.c OPTIMIZE(8,SPEED) BROWSE DEBUG OBJECTEXTEND PRINT(.\Listings\INT0
                    -.lst) TABS(2) OBJECT(.\Objects\INT0.obj)

line level    source

   1          #include <REGX52.H>
   2          
   3          void Int0_Init(void)
   4          {
   5   1        IT0=1;  //0为低电平触发
   6   1        IE0=0;  //中断标志清零
   7   1        EX0=1;  //单独中断
   8   1        EA=1; //中断总控
   9   1        PX0=1;  //设置优先级 
  10   1      }
  11          
  12          /*中断函数模板*/
  13          /*
  14          void Int0_Routine(void) interrupt 0
  15          {
  16            Num++;
  17          }
  18          
  19          */


MODULE INFORMATION:   STATIC OVERLAYABLE
   CODE SIZE        =     11    ----
   CONSTANT SIZE    =   ----    ----
   XDATA SIZE       =   ----    ----
   PDATA SIZE       =   ----    ----
   DATA SIZE        =   ----    ----
   IDATA SIZE       =   ----    ----
   BIT SIZE         =   ----    ----
END OF MODULE INFORMATION.


C51 COMPILATION COMPLETE.  0 WARNING(S),  0 ERROR(S)
