C51 COMPILER V9.60.0.0   MATRIXLED                                                         05/03/2024 22:51:26 PAGE 1   


C51 COMPILER V9.60.0.0, COMPILATION OF MODULE MATRIXLED
OBJECT MODULE PLACED IN .\Objects\MatrixLED.obj
COMPILER INVOKED BY: E:\Keil_v5\C51\BIN\C51.EXE MatrixLED.c OPTIMIZE(8,SPEED) BROWSE DEBUG OBJECTEXTEND PRINT(.\Listings
                    -\MatrixLED.lst) TABS(2) OBJECT(.\Objects\MatrixLED.obj)

line level    source

   1          #include <REGX52.H>
   2          #include "delay.h"
   3          sbit RCK=P3^5;  //RCLK 上升沿锁存
   4          sbit SCK=P3^6;  //SERCLK 上升沿移位
   5          sbit SER=P3^4;  //SER 数值入栈
   6          
   7          #define MATRIX_LED_PORT P0
   8          
   9          /**
  10            * @brief  74HC595写入一个字节
  11            * @param  要写入的字节
  12            * @retval 无
  13            */
  14          void _74HC595_WriteByte(unsigned char Byte){
  15   1        unsigned char i;
  16   1        for(i=0;i<8;i++){
  17   2          SER=Byte&(0x80>>i);
  18   2          SCK=1;
  19   2          SCK=0;
  20   2        }
  21   1        RCK=1;
  22   1        RCK=0;
  23   1      }
  24          /**
  25            * @brief  点阵屏初始化
  26            * @param  无
  27            * @retval 无
  28            */
  29          void MatrixLED_Init(){
  30   1        SCK=0;
  31   1        RCK=0;
  32   1      }
  33          
  34          /**
  35            * @brief  LED点阵屏显示一列数据
  36            * @param  Column 要选择的列，范围：0~7，0在最高位
  37            * @param  Data 选择列显示的数据，高位在上，1亮，0灭
  38            * @retval 无
  39            */
  40          void MatrixLED_ShowColumn(unsigned char Column,Data){
  41   1        _74HC595_WriteByte(Data);
  42   1        MATRIX_LED_PORT=~(0x80>>Column);
  43   1        Delay(1);
  44   1        MATRIX_LED_PORT=0xFF; //位清零
  45   1      }


MODULE INFORMATION:   STATIC OVERLAYABLE
   CODE SIZE        =     93    ----
   CONSTANT SIZE    =   ----    ----
   XDATA SIZE       =   ----    ----
   PDATA SIZE       =   ----    ----
   DATA SIZE        =   ----    ----
   IDATA SIZE       =   ----    ----
C51 COMPILER V9.60.0.0   MATRIXLED                                                         05/03/2024 22:51:26 PAGE 2   

   BIT SIZE         =   ----    ----
END OF MODULE INFORMATION.


C51 COMPILATION COMPLETE.  0 WARNING(S),  0 ERROR(S)
